******************************************************************************
                  MSP430 Linker PC v4.4.5                      
******************************************************************************
>> Linked Fri Aug 19 11:44:14 2016

OUTPUT FILE NAME:   <Transmisor.out>
ENTRY POINT SYMBOL: "_c_int00_noargs_noexit"  address: 0000fca0


MEMORY CONFIGURATION

         name            origin    length      used     unused   attr    fill
----------------------  --------  ---------  --------  --------  ----  --------
  SFR                   00000000   00000010  00000000  00000010  RWIX
  PERIPHERALS_8BIT      00000010   000000f0  00000000  000000f0  RWIX
  PERIPHERALS_16BIT     00000100   00000100  00000000  00000100  RWIX
  RAM                   00000200   00000080  00000056  0000002a  RWIX
  INFOD                 00001000   00000040  00000000  00000040  RWIX
  INFOC                 00001040   00000040  00000000  00000040  RWIX
  INFOB                 00001080   00000040  00000000  00000040  RWIX
  INFOA                 000010c0   00000040  00000000  00000040  RWIX
  FLASH                 0000f800   000007e0  00000579  00000267  RWIX
  INT00                 0000ffe0   00000002  00000000  00000002  RWIX
  INT01                 0000ffe2   00000002  00000000  00000002  RWIX
  INT02                 0000ffe4   00000002  00000002  00000000  RWIX
  INT03                 0000ffe6   00000002  00000002  00000000  RWIX
  INT04                 0000ffe8   00000002  00000002  00000000  RWIX
  INT05                 0000ffea   00000002  00000002  00000000  RWIX
  INT06                 0000ffec   00000002  00000000  00000002  RWIX
  INT07                 0000ffee   00000002  00000000  00000002  RWIX
  INT08                 0000fff0   00000002  00000002  00000000  RWIX
  INT09                 0000fff2   00000002  00000002  00000000  RWIX
  INT10                 0000fff4   00000002  00000002  00000000  RWIX
  INT11                 0000fff6   00000002  00000000  00000002  RWIX
  INT12                 0000fff8   00000002  00000000  00000002  RWIX
  INT13                 0000fffa   00000002  00000000  00000002  RWIX
  INT14                 0000fffc   00000002  00000002  00000000  RWIX
  RESET                 0000fffe   00000002  00000002  00000000  RWIX


SECTION ALLOCATION MAP

 output                                  attributes/
section   page    origin      length       input sections
--------  ----  ----------  ----------   ----------------
.data      0    00000200    00000024     UNINITIALIZED
                  00000200    00000020     NRF24L01.obj (.data:ret$1)
                  00000220    00000002     main.obj (.data:W_Buffer)
                  00000222    00000002     main.obj (.data)

.TI.persistent 
*          0    00000200    00000000     UNINITIALIZED

.stack     0    0000024c    00000032     UNINITIALIZED
                  0000024c    00000002     rts430_eabi.lib : boot.obj (.stack)
                  0000024e    00000030     --HOLE--

.text      0    0000f800    00000566     
                  0000f800    0000011a     NRF24L01.obj (.text:nRF24L01_init)
                  0000f91a    000000da     main.obj (.text:main)
                  0000f9f4    00000064     rts430_eabi.lib : copy_decompress_rle.obj (.text:__TI_decompress_rle_core)
                  0000fa58    0000005e     NRF24L01.obj (.text:nRF24L01_WriteRead)
                  0000fab6    00000058     rts430_eabi.lib : autoinit.obj (.text:_auto_init)
                  0000fb0e    00000058     NRF24L01.obj (.text:nRF24L01_send)
                  0000fb66    00000054     interrupciones.obj (.text:TA0_ISR)
                  0000fbba    00000034     funciones.obj (.text:conf_SPI_B0)
                  0000fbee    0000002a     UCB0_SPI.obj (.text:Write_Byte_UCB0_SPI)
                  0000fc18    00000028     UCB0_SPI.obj (.text:Delay_WDT)
                  0000fc40    00000026     interrupciones.obj (.text:ADC10_ISR)
                  0000fc66    0000001e     funciones.obj (.text:conf_IO)
                  0000fc84    0000001c     NRF24L01.obj (.text:nRF24L01_reset)
                  0000fca0    0000001a     rts430_eabi.lib : boot_special.obj (.text:_c_int00_noargs_noexit)
                  0000fcba    00000018     funciones.obj (.text:conf_CLK)
                  0000fcd2    00000016     funciones.obj (.text:conf_ADC10)
                  0000fce8    00000014     funciones.obj (.text:conf_TA0)
                  0000fcfc    00000014     rts430_eabi.lib : memset.obj (.text:memset)
                  0000fd10    00000012                     : copy_decompress_none.obj (.text:decompress:none:__TI_decompress_none)
                  0000fd22    00000012                     : memcpy.obj (.text:memcpy)
                  0000fd34    00000010                     : epilog.obj (.text)
                  0000fd44    00000008     funciones.obj (.text:conf_WDT)
                  0000fd4c    00000006     main.obj (.text:Port_1)
                  0000fd52    00000006     rts430_eabi.lib : isr_trap.obj (.text:_isr:__TI_ISR_TRAP)
                  0000fd58    00000006                     : copy_decompress_rle.obj (.text:decompress:rle24:__TI_decompress_rle24)
                  0000fd5e    00000004                     : pre_init.obj (.text:_system_pre_init)
                  0000fd62    00000004                     : exit.obj (.text:abort)

.const     0    0000fd66    00000001     
                  0000fd66    00000001     NRF24L01.obj (.const:.string:$P$T0$2)

.cinit     0    0000fd68    00000012     
                  0000fd68    00000009     (.cinit..data.load) [load image, compression = rle]
                  0000fd71    00000001     --HOLE-- [fill = 0]
                  0000fd72    00000004     (__TI_handler_table)
                  0000fd76    00000004     (__TI_cinit_table)

.init_array 
*          0    0000f800    00000000     UNINITIALIZED

PORT1      0    0000ffe4    00000002     
                  0000ffe4    00000002     main.obj (.int02)

PORT2      0    0000ffe6    00000002     
                  0000ffe6    00000002     rts430_eabi.lib : int03.obj (.int03)

USI        0    0000ffe8    00000002     
                  0000ffe8    00000002     rts430_eabi.lib : int04.obj (.int04)

ADC10      0    0000ffea    00000002     
                  0000ffea    00000002     interrupciones.obj (.int05)

TIMERA1    0    0000fff0    00000002     
                  0000fff0    00000002     rts430_eabi.lib : int08.obj (.int08)

TIMERA0    0    0000fff2    00000002     
                  0000fff2    00000002     interrupciones.obj (.int09)

WDT        0    0000fff4    00000002     
                  0000fff4    00000002     rts430_eabi.lib : int10.obj (.int10)

NMI        0    0000fffc    00000002     
                  0000fffc    00000002     rts430_eabi.lib : int14.obj (.int14)

.reset     0    0000fffe    00000002     
                  0000fffe    00000002     rts430_eabi.lib : boot.obj (.reset)


LINKER GENERATED COPY TABLES

__TI_cinit_table @ 0000fd76 records: 1, size/record: 4, table size: 4
	.data: load addr=0000fd68, load size=00000009 bytes, run addr=00000200, run size=00000024 bytes, compression=rle


LINKER GENERATED HANDLER TABLE

__TI_handler_table @ 0000fd72 records: 2, size/record: 2, table size: 4
	index: 0, handler: __TI_decompress_rle24
	index: 1, handler: __TI_decompress_none


GLOBAL SYMBOLS: SORTED ALPHABETICALLY BY Name 

address   name                    
-------   ----                    
0000004a  ADC10AE0                
000001b0  ADC10CTL0               
000001b2  ADC10CTL1               
00000048  ADC10DTC0               
00000049  ADC10DTC1               
000001b4  ADC10MEM                
000001bc  ADC10SA                 
0000fc40  ADC10_ISR               
00000057  BCSCTL1                 
00000058  BCSCTL2                 
00000053  BCSCTL3                 
0000fd62  C$$EXIT                 
000010ff  CALBC1_1MHZ             
000010fe  CALDCO_1MHZ             
00000056  DCOCTL                  
0000fc18  Delay_WDT               
00000128  FCTL1                   
0000012a  FCTL2                   
0000012c  FCTL3                   
00000000  IE1                     
00000002  IFG1                    
00000222  OpFlow                  
00000022  P1DIR                   
00000025  P1IE                    
00000024  P1IES                   
00000023  P1IFG                   
00000020  P1IN                    
00000021  P1OUT                   
00000027  P1REN                   
00000026  P1SEL                   
0000002a  P2DIR                   
0000002d  P2IE                    
0000002c  P2IES                   
0000002b  P2IFG                   
00000028  P2IN                    
00000029  P2OUT                   
0000002f  P2REN                   
0000002e  P2SEL                   
0000fd4c  Port_1                  
0000fb66  TA0_ISR                 
00000172  TACCR0                  
00000174  TACCR1                  
00000162  TACCTL0                 
00000164  TACCTL1                 
00000160  TACTL                   
0000012e  TAIV                    
00000170  TAR                     
0000007a  USICCTL                 
0000007a  USICKCTL                
0000007b  USICNT                  
00000078  USICTL                  
00000078  USICTL0                 
00000079  USICTL1                 
0000007c  USISR                   
0000007d  USISRH                  
0000007c  USISRL                  
00000120  WDTCTL                  
00000220  W_Buffer                
0000fbee  Write_Byte_UCB0_SPI     
0000027e  __STACK_END             
00000032  __STACK_SIZE            
0000fd76  __TI_CINIT_Base         
0000fd7a  __TI_CINIT_Limit        
0000fd72  __TI_Handler_Table_Base 
0000fd76  __TI_Handler_Table_Limit
UNDEFED   __TI_INITARRAY_Base     
UNDEFED   __TI_INITARRAY_Limit    
0000fd52  __TI_ISR_TRAP           
0000fd10  __TI_decompress_none    
0000fd58  __TI_decompress_rle24   
0000ffe4  __TI_int02              
0000ffe6  __TI_int03              
0000ffe8  __TI_int04              
0000ffea  __TI_int05              
0000fff0  __TI_int08              
0000fff2  __TI_int09              
0000fff4  __TI_int10              
0000fffc  __TI_int14              
ffffffff  __binit__               
ffffffff  __c_args__              
0000fd40  __mspabi_func_epilog_1  
0000fd3e  __mspabi_func_epilog_2  
0000fd3c  __mspabi_func_epilog_3  
0000fd3a  __mspabi_func_epilog_4  
0000fd38  __mspabi_func_epilog_5  
0000fd36  __mspabi_func_epilog_6  
0000fd34  __mspabi_func_epilog_7  
0000fab6  _auto_init              
0000fca0  _c_int00_noargs_noexit  
0000fffe  _reset_vector           
0000024c  _stack                  
0000fd5e  _system_pre_init        
0000fd62  abort                   
ffffffff  binit                   
0000fcd2  conf_ADC10              
0000fcba  conf_CLK                
0000fc66  conf_IO                 
0000fbba  conf_SPI_B0             
0000fce8  conf_TA0                
0000fd44  conf_WDT                
0000f91a  main                    
0000fd22  memcpy                  
0000fcfc  memset                  
0000fa58  nRF24L01_WriteRead      
0000f800  nRF24L01_init           
0000fc84  nRF24L01_reset          
0000fb0e  nRF24L01_send           


GLOBAL SYMBOLS: SORTED BY Symbol Address 

address   name                    
-------   ----                    
00000000  IE1                     
00000002  IFG1                    
00000020  P1IN                    
00000021  P1OUT                   
00000022  P1DIR                   
00000023  P1IFG                   
00000024  P1IES                   
00000025  P1IE                    
00000026  P1SEL                   
00000027  P1REN                   
00000028  P2IN                    
00000029  P2OUT                   
0000002a  P2DIR                   
0000002b  P2IFG                   
0000002c  P2IES                   
0000002d  P2IE                    
0000002e  P2SEL                   
0000002f  P2REN                   
00000032  __STACK_SIZE            
00000048  ADC10DTC0               
00000049  ADC10DTC1               
0000004a  ADC10AE0                
00000053  BCSCTL3                 
00000056  DCOCTL                  
00000057  BCSCTL1                 
00000058  BCSCTL2                 
00000078  USICTL                  
00000078  USICTL0                 
00000079  USICTL1                 
0000007a  USICCTL                 
0000007a  USICKCTL                
0000007b  USICNT                  
0000007c  USISR                   
0000007c  USISRL                  
0000007d  USISRH                  
00000120  WDTCTL                  
00000128  FCTL1                   
0000012a  FCTL2                   
0000012c  FCTL3                   
0000012e  TAIV                    
00000160  TACTL                   
00000162  TACCTL0                 
00000164  TACCTL1                 
00000170  TAR                     
00000172  TACCR0                  
00000174  TACCR1                  
000001b0  ADC10CTL0               
000001b2  ADC10CTL1               
000001b4  ADC10MEM                
000001bc  ADC10SA                 
00000220  W_Buffer                
00000222  OpFlow                  
0000024c  _stack                  
0000027e  __STACK_END             
000010fe  CALDCO_1MHZ             
000010ff  CALBC1_1MHZ             
0000f800  nRF24L01_init           
0000f91a  main                    
0000fa58  nRF24L01_WriteRead      
0000fab6  _auto_init              
0000fb0e  nRF24L01_send           
0000fb66  TA0_ISR                 
0000fbba  conf_SPI_B0             
0000fbee  Write_Byte_UCB0_SPI     
0000fc18  Delay_WDT               
0000fc40  ADC10_ISR               
0000fc66  conf_IO                 
0000fc84  nRF24L01_reset          
0000fca0  _c_int00_noargs_noexit  
0000fcba  conf_CLK                
0000fcd2  conf_ADC10              
0000fce8  conf_TA0                
0000fcfc  memset                  
0000fd10  __TI_decompress_none    
0000fd22  memcpy                  
0000fd34  __mspabi_func_epilog_7  
0000fd36  __mspabi_func_epilog_6  
0000fd38  __mspabi_func_epilog_5  
0000fd3a  __mspabi_func_epilog_4  
0000fd3c  __mspabi_func_epilog_3  
0000fd3e  __mspabi_func_epilog_2  
0000fd40  __mspabi_func_epilog_1  
0000fd44  conf_WDT                
0000fd4c  Port_1                  
0000fd52  __TI_ISR_TRAP           
0000fd58  __TI_decompress_rle24   
0000fd5e  _system_pre_init        
0000fd62  C$$EXIT                 
0000fd62  abort                   
0000fd72  __TI_Handler_Table_Base 
0000fd76  __TI_CINIT_Base         
0000fd76  __TI_Handler_Table_Limit
0000fd7a  __TI_CINIT_Limit        
0000ffe4  __TI_int02              
0000ffe6  __TI_int03              
0000ffe8  __TI_int04              
0000ffea  __TI_int05              
0000fff0  __TI_int08              
0000fff2  __TI_int09              
0000fff4  __TI_int10              
0000fffc  __TI_int14              
0000fffe  _reset_vector           
ffffffff  __binit__               
ffffffff  __c_args__              
ffffffff  binit                   
UNDEFED   __TI_INITARRAY_Base     
UNDEFED   __TI_INITARRAY_Limit    

[107 symbols]
